\relax 
\providecommand\hyper@newdestlabel[2]{}
\providecommand\HyperFirstAtBeginDocument{\AtBeginDocument}
\HyperFirstAtBeginDocument{\ifx\hyper@anchor\@undefined
\global\let\oldcontentsline\contentsline
\gdef\contentsline#1#2#3#4{\oldcontentsline{#1}{#2}{#3}}
\global\let\oldnewlabel\newlabel
\gdef\newlabel#1#2{\newlabelxx{#1}#2}
\gdef\newlabelxx#1#2#3#4#5#6{\oldnewlabel{#1}{{#2}{#3}}}
\AtEndDocument{\ifx\hyper@anchor\@undefined
\let\contentsline\oldcontentsline
\let\newlabel\oldnewlabel
\fi}
\fi}
\global\let\hyper@last\relax 
\gdef\HyperFirstAtBeginDocument#1{#1}
\providecommand\HyField@AuxAddToFields[1]{}
\providecommand\HyField@AuxAddToCoFields[2]{}
\providecommand \oddpage@label [2]{}
\@writefile{toc}{\@ifundefined {etoctocstyle}{\let \etoc@startlocaltoc \@gobble \let \etoc@settocdepth \@gobble \let \etoc@depthtag \@gobble \let \etoc@setlocaltop \@gobble }{}}
\@writefile{toc}{\contentsline {chapter}{\numberline {1}File Index}{1}{chapter.1}\protected@file@percent }
\@writefile{lof}{\addvspace {10\p@ }}
\@writefile{lot}{\addvspace {10\p@ }}
\@writefile{toc}{\contentsline {section}{\numberline {1.1}File List}{1}{section.1.1}\protected@file@percent }
\@writefile{toc}{\contentsline {chapter}{\numberline {2}File Documentation}{3}{chapter.2}\protected@file@percent }
\@writefile{lof}{\addvspace {10\p@ }}
\@writefile{lot}{\addvspace {10\p@ }}
\@writefile{toc}{\contentsline {section}{\numberline {2.1}iob-\/uart.h File Reference}{3}{section.2.1}\protected@file@percent }
\newlabel{iob-uart_8h}{{2.1}{3}{iob-\/uart.h File Reference}{section.2.1}{}}
\@writefile{toc}{\contentsline {subsection}{\numberline {2.1.1}Detailed Description}{4}{subsection.2.1.1}\protected@file@percent }
\@writefile{toc}{\contentsline {subsection}{\numberline {2.1.2}Macro Definition Documentation}{4}{subsection.2.1.2}\protected@file@percent }
\newlabel{iob-uart_8h_a6f6489887e08bff4887d0bc5dcf214d8}{{2.1.2}{4}{Macro Definition Documentation}{subsection.2.1.2}{}}
\@writefile{toc}{\contentsline {subsubsection}{\numberline {2.1.2.1}ACK}{4}{subsubsection.2.1.2.1}\protected@file@percent }
\newlabel{iob-uart_8h_a4b4f88510ea966777e25224010c0a994}{{2.1.2.1}{4}{\texorpdfstring {ACK}{ACK}}{subsubsection.2.1.2.1}{}}
\@writefile{toc}{\contentsline {subsubsection}{\numberline {2.1.2.2}ENQ}{4}{subsubsection.2.1.2.2}\protected@file@percent }
\newlabel{iob-uart_8h_aa3210a5256085e136fed7897ae93a756}{{2.1.2.2}{4}{\texorpdfstring {ENQ}{ENQ}}{subsubsection.2.1.2.2}{}}
\@writefile{toc}{\contentsline {subsubsection}{\numberline {2.1.2.3}EOT}{4}{subsubsection.2.1.2.3}\protected@file@percent }
\newlabel{iob-uart_8h_af02558e983dd26832a852bf186ed6726}{{2.1.2.3}{4}{\texorpdfstring {EOT}{EOT}}{subsubsection.2.1.2.3}{}}
\@writefile{toc}{\contentsline {subsubsection}{\numberline {2.1.2.4}ETX}{5}{subsubsection.2.1.2.4}\protected@file@percent }
\newlabel{iob-uart_8h_a31fd6110b81276513ed5b06b2d452294}{{2.1.2.4}{5}{\texorpdfstring {ETX}{ETX}}{subsubsection.2.1.2.4}{}}
\@writefile{toc}{\contentsline {subsubsection}{\numberline {2.1.2.5}FRX}{5}{subsubsection.2.1.2.5}\protected@file@percent }
\newlabel{iob-uart_8h_a30f6367dee80d0b614dd0da1060c6863}{{2.1.2.5}{5}{\texorpdfstring {FRX}{FRX}}{subsubsection.2.1.2.5}{}}
\@writefile{toc}{\contentsline {subsubsection}{\numberline {2.1.2.6}FTX}{5}{subsubsection.2.1.2.6}\protected@file@percent }
\newlabel{iob-uart_8h_aacd744a917e61146ec8b7175b4761683}{{2.1.2.6}{5}{\texorpdfstring {FTX}{FTX}}{subsubsection.2.1.2.6}{}}
\@writefile{toc}{\contentsline {subsubsection}{\numberline {2.1.2.7}STX}{5}{subsubsection.2.1.2.7}\protected@file@percent }
\newlabel{iob-uart_8h_af967aa4cc55b799512e5f746648d92e1}{{2.1.2.7}{5}{\texorpdfstring {STX}{STX}}{subsubsection.2.1.2.7}{}}
\@writefile{toc}{\contentsline {subsubsection}{\numberline {2.1.2.8}UART\_PROGNAME}{5}{subsubsection.2.1.2.8}\protected@file@percent }
\@writefile{toc}{\contentsline {subsection}{\numberline {2.1.3}Function Documentation}{5}{subsection.2.1.3}\protected@file@percent }
\newlabel{iob-uart_8h_a5c0c6408abb566fa5229dfa2ad0cd6c9}{{2.1.3}{5}{Function Documentation}{subsection.2.1.3}{}}
\@writefile{toc}{\contentsline {subsubsection}{\numberline {2.1.3.1}uart\_finish()}{5}{subsubsection.2.1.3.1}\protected@file@percent }
\newlabel{iob-uart_8h_a11508a3c55df6779452e795b23f2af40}{{2.1.3.1}{5}{\texorpdfstring {uart\_finish()}{uart\_finish()}}{subsubsection.2.1.3.1}{}}
\gdef \LT@i {\LT@entry 
    {3}{69.32808pt}\LT@entry 
    {3}{197.83217pt}}
\@writefile{toc}{\contentsline {subsubsection}{\numberline {2.1.3.2}uart\_getc()}{6}{subsubsection.2.1.3.2}\protected@file@percent }
\newlabel{iob-uart_8h_ae4b599ec041e9992dc1e2e89f853247a}{{2.1.3.2}{6}{\texorpdfstring {uart\_getc()}{uart\_getc()}}{subsubsection.2.1.3.2}{}}
\@writefile{toc}{\contentsline {subsubsection}{\numberline {2.1.3.3}uart\_init()}{6}{subsubsection.2.1.3.3}\protected@file@percent }
\newlabel{iob-uart_8h_aa599232c1438c5addd971e05e1dd46a2}{{2.1.3.3}{6}{\texorpdfstring {uart\_init()}{uart\_init()}}{table.2.1}{}}
\@writefile{toc}{\contentsline {subsubsection}{\numberline {2.1.3.4}uart\_putc()}{6}{subsubsection.2.1.3.4}\protected@file@percent }
\gdef \LT@ii {\LT@entry 
    {3}{17.29996pt}\LT@entry 
    {3}{84.47025pt}}
\gdef \LT@iii {\LT@entry 
    {3}{17.29996pt}\LT@entry 
    {3}{148.28775pt}}
\newlabel{iob-uart_8h_ae52facc0a56086a365bb0018160d8d71}{{2.1.3.4}{7}{\texorpdfstring {uart\_putc()}{uart\_putc()}}{table.2.2}{}}
\@writefile{toc}{\contentsline {subsubsection}{\numberline {2.1.3.5}uart\_puts()}{7}{subsubsection.2.1.3.5}\protected@file@percent }
\newlabel{iob-uart_8h_a9b5be9ed29248cdc7f24e9d0bc3ab584}{{2.1.3.5}{7}{\texorpdfstring {uart\_puts()}{uart\_puts()}}{table.2.3}{}}
\@writefile{toc}{\contentsline {subsubsection}{\numberline {2.1.3.6}uart\_recvfile()}{7}{subsubsection.2.1.3.6}\protected@file@percent }
\gdef \LT@iv {\LT@entry 
    {3}{51.81435pt}\LT@entry 
    {3}{180.12955pt}}
\newlabel{iob-uart_8h_a6f81b4607825d3e85856515de4e9f5ac}{{2.1.3.6}{8}{\texorpdfstring {uart\_recvfile()}{uart\_recvfile()}}{table.2.4}{}}
\@writefile{toc}{\contentsline {subsubsection}{\numberline {2.1.3.7}uart\_rxwait()}{8}{subsubsection.2.1.3.7}\protected@file@percent }
\newlabel{iob-uart_8h_a26968d890d68d5605ffa017b62d2320d}{{2.1.3.7}{8}{\texorpdfstring {uart\_rxwait()}{uart\_rxwait()}}{subsubsection.2.1.3.7}{}}
\@writefile{toc}{\contentsline {subsubsection}{\numberline {2.1.3.8}uart\_sendfile()}{8}{subsubsection.2.1.3.8}\protected@file@percent }
\gdef \LT@v {\LT@entry 
    {3}{51.81435pt}\LT@entry 
    {3}{116.62654pt}}
\newlabel{iob-uart_8h_a9f9e6d0d4ff6d5084d2091eff089e557}{{2.1.3.8}{9}{\texorpdfstring {uart\_sendfile()}{uart\_sendfile()}}{table.2.5}{}}
\@writefile{toc}{\contentsline {subsubsection}{\numberline {2.1.3.9}uart\_txwait()}{9}{subsubsection.2.1.3.9}\protected@file@percent }
